Archive member included to satisfy reference by file (symbol)

c:/sysgcc/arm-eabi/bin/../lib/gcc/arm-eabi/6.2.0/thumb/cortex_m3\libgcc.a(_aeabi_ldivmod.o)
                              hwlib.o (__aeabi_ldivmod)
c:/sysgcc/arm-eabi/bin/../lib/gcc/arm-eabi/6.2.0/thumb/cortex_m3\libgcc.a(_aeabi_uldivmod.o)
                              command.o (__aeabi_uldivmod)
c:/sysgcc/arm-eabi/bin/../lib/gcc/arm-eabi/6.2.0/thumb/cortex_m3\libgcc.a(_udivmoddi4.o)
                              c:/sysgcc/arm-eabi/bin/../lib/gcc/arm-eabi/6.2.0/thumb/cortex_m3\libgcc.a(_aeabi_ldivmod.o) (__udivmoddi4)
c:/sysgcc/arm-eabi/bin/../lib/gcc/arm-eabi/6.2.0/thumb/cortex_m3\libgcc.a(_dvmd_tls.o)
                              c:/sysgcc/arm-eabi/bin/../lib/gcc/arm-eabi/6.2.0/thumb/cortex_m3\libgcc.a(_aeabi_ldivmod.o) (__aeabi_ldiv0)
c:/sysgcc/arm-eabi/bin/../lib/gcc/arm-eabi/6.2.0/../../../../arm-eabi/lib/thumb/cortex_m3\libc.a(lib_a-memset.o)
                              display.o (memset)
c:/sysgcc/arm-eabi/bin/../lib/gcc/arm-eabi/6.2.0/../../../../arm-eabi/lib/thumb/cortex_m3\libc.a(lib_a-strlen-stub.o)
                              display.o (strlen)

Allocating common symbols
Common symbol       size              file

__dso_handle        0x4               bmptk_cortex.o

Discarded input sections

 .group         0x00000000        0x8 command.o
 .group         0x00000000        0x8 command.o
 .group         0x00000000        0x8 command.o
 .group         0x00000000        0x8 command.o
 .group         0x00000000        0x8 command.o
 .group         0x00000000        0x8 command.o
 .text          0x00000000        0x0 command.o
 .data          0x00000000        0x0 command.o
 .bss           0x00000000        0x0 command.o
 .text._ZN3due6pin_in3getEN5hwlib9bufferingE
                0x00000000       0x10 command.o
 .text._ZN3due11ad_pin_infoENS_7ad_pinsE
                0x00000000       0x1c command.o
 .text._ZN3due11ad_seq_infoEm
                0x00000000       0x20 command.o
 .text._ZN3due6now_usEv
                0x00000000       0x78 command.o
 .text._ZN5hwlib7wait_nsEi
                0x00000000       0x14 command.o
 .text._ZN5hwlib9uart_getcEv
                0x00000000       0x3c command.o
 .text._ZN5hwlib6now_usEv
                0x00000000        0x8 command.o
 .text._ZN7Command12enableShiftLEv
                0x00000000        0x6 command.o
 .text._ZN7Command13disableShiftLEv
                0x00000000        0x6 command.o
 .text._ZN7Command12enableShiftREv
                0x00000000        0x6 command.o
 .text._ZN7Command13disableShiftREv
                0x00000000        0x6 command.o
 .rodata._ZTVN3due6pin_inE
                0x00000000       0x10 command.o
 .bss._ZGVZN5hwlib9uart_getcEvE3pin
                0x00000000        0x4 command.o
 .bss._ZZN3due6now_usEvE4high
                0x00000000        0x8 command.o
 .bss._ZZN3due6now_usEvE8last_low
                0x00000000        0x4 command.o
 .bss._ZZN3due6now_usEvE9init_done
                0x00000000        0x1 command.o
 .bss._ZZN5hwlib9uart_getcEvE3pin
                0x00000000        0xc command.o
 .rodata._ZZN3due11ad_pin_infoENS_7ad_pinsEE17ad_pin_info_array
                0x00000000        0xc command.o
 .rodata._ZZN3due11ad_seq_infoEmE12ad_seq_array
                0x00000000       0x70 command.o
 .group         0x00000000        0x8 display.o
 .group         0x00000000        0x8 display.o
 .group         0x00000000        0x8 display.o
 .group         0x00000000        0x8 display.o
 .group         0x00000000        0x8 display.o
 .group         0x00000000        0x8 display.o
 .group         0x00000000        0x8 display.o
 .group         0x00000000        0x8 display.o
 .group         0x00000000        0x8 display.o
 .text          0x00000000        0x0 display.o
 .data          0x00000000        0x0 display.o
 .bss           0x00000000        0x0 display.o
 .text._ZN5hwlib6pin_in7refreshEv
                0x00000000        0x2 display.o
 .text._ZN5hwlib7pin_out5flushEv
                0x00000000        0x2 display.o
 .text._ZN3due6pin_in3getEN5hwlib9bufferingE
                0x00000000       0x10 display.o
 .text._ZN3due7pin_out3setEbN5hwlib9bufferingE
                0x00000000        0xe display.o
 .text._ZN3due8pin_infoENS_4pinsE
                0x00000000       0x20 display.o
 .text._ZN3due11ad_pin_infoENS_7ad_pinsE
                0x00000000       0x1c display.o
 .text._ZN3due11ad_seq_infoEm
                0x00000000       0x20 display.o
 .text._ZN3due14port_registersEm
                0x00000000       0x48 display.o
 .text._ZN3due6now_usEv
                0x00000000       0x78 display.o
 .text._ZN5hwlib7wait_usEi
                0x00000000       0x28 display.o
 .text._ZN5hwlib7wait_nsEi
                0x00000000       0x14 display.o
 .text._ZN5hwlib7wait_msEi
                0x00000000       0x16 display.o
 .text._ZN5hwlib9uart_putcEc
                0x00000000       0x40 display.o
 .text._ZN5hwlib9uart_getcEv
                0x00000000       0x3c display.o
 .text._ZN5hwlib6now_usEv
                0x00000000        0x8 display.o
 .rodata._ZTVN3due6pin_inE
                0x00000000       0x10 display.o
 .rodata._ZTVN3due7pin_outE
                0x00000000       0x10 display.o
 .bss._ZGVZN5hwlib9uart_getcEvE3pin
                0x00000000        0x4 display.o
 .bss._ZGVZN5hwlib9uart_putcEcE3pin
                0x00000000        0x4 display.o
 .bss._ZZN3due6now_usEvE4high
                0x00000000        0x8 display.o
 .bss._ZZN3due6now_usEvE8last_low
                0x00000000        0x4 display.o
 .bss._ZZN3due6now_usEvE9init_done
                0x00000000        0x1 display.o
 .bss._ZZN5hwlib9uart_getcEvE3pin
                0x00000000        0xc display.o
 .bss._ZZN5hwlib9uart_putcEcE3pin
                0x00000000        0xc display.o
 .rodata._ZN3due8pin_infoENS_4pinsE.str1.1
                0x00000000       0x33 display.o
 .rodata._ZZN3due11ad_pin_infoENS_7ad_pinsEE17ad_pin_info_array
                0x00000000        0xc display.o
 .rodata._ZZN3due11ad_seq_infoEmE12ad_seq_array
                0x00000000       0x70 display.o
 .rodata._ZZN3due8pin_infoENS_4pinsEE14pin_info_array
                0x00000000       0xa4 display.o
 .group         0x00000000        0x8 hwlib.o
 .group         0x00000000        0x8 hwlib.o
 .group         0x00000000        0x8 hwlib.o
 .group         0x00000000        0x8 hwlib.o
 .group         0x00000000        0x8 hwlib.o
 .group         0x00000000        0x8 hwlib.o
 .group         0x00000000        0x8 hwlib.o
 .group         0x00000000        0x8 hwlib.o
 .group         0x00000000        0x8 hwlib.o
 .group         0x00000000        0x8 hwlib.o
 .group         0x00000000        0x8 hwlib.o
 .group         0x00000000        0x8 hwlib.o
 .group         0x00000000        0x8 hwlib.o
 .group         0x00000000        0x8 hwlib.o
 .group         0x00000000        0x8 hwlib.o
 .group         0x00000000        0x8 hwlib.o
 .group         0x00000000        0x8 hwlib.o
 .group         0x00000000        0x8 hwlib.o
 .group         0x00000000        0x8 hwlib.o
 .group         0x00000000        0x8 hwlib.o
 .group         0x00000000        0x8 hwlib.o
 .group         0x00000000        0x8 hwlib.o
 .group         0x00000000        0x8 hwlib.o
 .group         0x00000000        0x8 hwlib.o
 .group         0x00000000        0x8 hwlib.o
 .group         0x00000000        0x8 hwlib.o
 .group         0x00000000        0x8 hwlib.o
 .group         0x00000000        0x8 hwlib.o
 .group         0x00000000        0x8 hwlib.o
 .group         0x00000000        0x8 hwlib.o
 .group         0x00000000        0x8 hwlib.o
 .group         0x00000000        0x8 hwlib.o
 .group         0x00000000        0x8 hwlib.o
 .group         0x00000000        0x8 hwlib.o
 .group         0x00000000        0x8 hwlib.o
 .group         0x00000000        0x8 hwlib.o
 .group         0x00000000        0x8 hwlib.o
 .text          0x00000000        0x0 hwlib.o
 .data          0x00000000        0x0 hwlib.o
 .bss           0x00000000        0x0 hwlib.o
 .text._ZN5hwlib10pin_in_out7refreshEv
                0x00000000        0x2 hwlib.o
 .text._ZN5hwlib10pin_in_out5flushEv
                0x00000000        0x2 hwlib.o
 .text._ZN5hwlib6pin_in7refreshEv
                0x00000000        0x2 hwlib.o
 .text._ZN5hwlib7pin_out5flushEv
                0x00000000        0x2 hwlib.o
 .text._ZN5hwlib6pin_oc7refreshEv
                0x00000000        0x2 hwlib.o
 .text._ZN5hwlib6pin_oc5flushEv
                0x00000000        0x2 hwlib.o
 .text._ZN5hwlib23_pin_in_out_dummy_class3setEbNS_9bufferingE
                0x00000000        0x2 hwlib.o
 .text._ZN5hwlib23_pin_in_out_dummy_class3getENS_9bufferingE
                0x00000000        0x4 hwlib.o
 .text._ZN5hwlib23_pin_in_out_dummy_class19direction_set_inputEv
                0x00000000        0x2 hwlib.o
 .text._ZN5hwlib23_pin_in_out_dummy_class20direction_set_outputEv
                0x00000000        0x2 hwlib.o
 .text._ZN5hwlib20_pin_out_dummy_class3setEbNS_9bufferingE
                0x00000000        0x2 hwlib.o
 .text._ZN5hwlib19_pin_oc_dummy_class3setEbNS_9bufferingE
                0x00000000        0x2 hwlib.o
 .text._ZN5hwlib19_pin_oc_dummy_class3getENS_9bufferingE
                0x00000000        0x4 hwlib.o
 .text._ZNK5hwlib9image_8x818get_implementationENS_8locationE
                0x00000000       0x44 hwlib.o
 .text._ZN3due6pin_in3getEN5hwlib9bufferingE
                0x00000000       0x10 hwlib.o
 .text._ZN3due7pin_out3setEbN5hwlib9bufferingE
                0x00000000        0xe hwlib.o
 .text._ZN5hwlib7ostream6fillerEi
                0x00000000       0x1a hwlib.o
 .text._ZN5hwliblsERNS_7ostreamEPKc
                0x00000000       0x54 hwlib.o
 .text._ZN5hwliblsERNS_7ostreamEx
                0x00000000      0x10a hwlib.o
 .text._ZN5hwliblsERNS_7ostreamENS_8locationE
                0x00000000       0x3c hwlib.o
 .text._ZN5hwlib6window5writeENS_8locationENS_5colorENS_9bufferingE
                0x00000000       0x38 hwlib.o
 .text._ZN5hwlib4line4drawERNS_6windowENS_9bufferingE
                0x00000000       0x78 hwlib.o
 .text._ZN5hwlib6circle4drawERNS_6windowENS_9bufferingE
                0x00000000      0x320 hwlib.o
 .text._ZN5hwlib4randEv
                0x00000000       0x20 hwlib.o
 .text._ZN5hwlib15random_in_rangeEjj
                0x00000000       0x1a hwlib.o
 .text._ZN3due8pin_infoENS_4pinsE
                0x00000000       0x20 hwlib.o
 .text._ZN3due11ad_pin_infoENS_7ad_pinsE
                0x00000000       0x1c hwlib.o
 .text._ZN3due11ad_seq_infoEm
                0x00000000       0x20 hwlib.o
 .text._ZN3due14port_registersEm
                0x00000000       0x48 hwlib.o
 .text._ZN3due6now_usEv
                0x00000000       0x78 hwlib.o
 .text._ZN5hwlib7wait_usEi
                0x00000000       0x28 hwlib.o
 .text._ZN5hwlib7wait_nsEi
                0x00000000       0x14 hwlib.o
 .text._ZN5hwlib7wait_msEi
                0x00000000       0x16 hwlib.o
 .text._ZN5hwlib5blinkERNS_7pin_outEj
                0x00000000       0x2c hwlib.o
 .text._ZN5hwlib4kittERNS_11port_in_outEj
                0x00000000       0x58 hwlib.o
 .text._ZN5hwlib4kittERNS_8port_outEj
                0x00000000       0x52 hwlib.o
 .text._ZN5hwlib4kittERNS_7port_ocEj
                0x00000000       0x52 hwlib.o
 .text._ZN5hwlib21graphics_random_linesERNS_6windowEj
                0x00000000      0x100 hwlib.o
 .text._ZN5hwlib23graphics_random_circlesERNS_6windowEj
                0x00000000       0x90 hwlib.o
 .text._ZN5hwlib12dac_triangleERNS_3dacEj
                0x00000000       0x36 hwlib.o
 .text._ZN5hwlib9uart_putcEc
                0x00000000       0x3c hwlib.o
 .text._ZN5hwlib6now_usEv
                0x00000000        0x8 hwlib.o
 .text._ZN5hwlib24uart_getc_bit_banged_pinERNS_6pin_inE
                0x00000000       0x70 hwlib.o
 .text._ZN5hwlib9uart_getcEv
                0x00000000       0x38 hwlib.o
 .text._ZN5hwlib19cin_using_uart_getc4getcEv
                0x00000000        0x8 hwlib.o
 .rodata._ZTVN5hwlib23_pin_in_out_dummy_classE
                0x00000000       0x20 hwlib.o
 .rodata._ZTVN5hwlib20_pin_out_dummy_classE
                0x00000000       0x10 hwlib.o
 .rodata._ZTVN5hwlib19_pin_oc_dummy_classE
                0x00000000       0x18 hwlib.o
 .rodata._ZTVN5hwlib19cin_using_uart_getcE
                0x00000000        0xc hwlib.o
 .rodata._ZTVN5hwlib9image_8x8E
                0x00000000        0xc hwlib.o
 .rodata._ZTVN5hwlib4lineE
                0x00000000        0xc hwlib.o
 .rodata._ZTVN5hwlib6circleE
                0x00000000        0xc hwlib.o
 .rodata._ZTVN3due6pin_inE
                0x00000000       0x10 hwlib.o
 .rodata._ZTVN3due7pin_outE
                0x00000000       0x10 hwlib.o
 .bss._ZGVZN5hwlib9uart_getcEvE3pin
                0x00000000        0x4 hwlib.o
 .bss._ZGVZN5hwlib9uart_putcEcE3pin
                0x00000000        0x4 hwlib.o
 .bss._ZN5hwlib6stringILj0EE5dummyE
                0x00000000        0x1 hwlib.o
 .bss._ZZN3due6now_usEvE4high
                0x00000000        0x8 hwlib.o
 .bss._ZZN3due6now_usEvE8last_low
                0x00000000        0x4 hwlib.o
 .bss._ZZN3due6now_usEvE9init_done
                0x00000000        0x1 hwlib.o
 .bss._ZZN5hwlib4randEvE1n
                0x00000000        0x4 hwlib.o
 .bss._ZZN5hwlib9uart_getcEvE3pin
                0x00000000        0xc hwlib.o
 .bss._ZZN5hwlib9uart_putcEcE3pin
                0x00000000        0xc hwlib.o
 .data._ZN5hwlib12pin_oc_dummyE
                0x00000000        0x4 hwlib.o
 .data._ZN5hwlib13pin_out_dummyE
                0x00000000        0x4 hwlib.o
 .data._ZN5hwlib15font_16x16_dataE
                0x00000000      0xbe4 hwlib.o
 .data._ZN5hwlib16pin_in_out_dummyE
                0x00000000        0x4 hwlib.o
 .data._ZN5hwlib3cinE
                0x00000000        0x4 hwlib.o
 .rodata._ZN3due8pin_infoENS_4pinsE.str1.1
                0x00000000       0x33 hwlib.o
 .rodata._ZN5hwlib16font_default_8x86imagesE
                0x00000000      0xa00 hwlib.o
 .rodata._ZN5hwlibL5blackE
                0x00000000        0x4 hwlib.o
 .rodata._ZN5hwlibL5whiteE
                0x00000000        0x4 hwlib.o
 .rodata._ZN5hwliblsERNS_7ostreamENS_8locationE.str1.1
                0x00000000        0x6 hwlib.o
 .rodata._ZZN3due11ad_pin_infoENS_7ad_pinsEE17ad_pin_info_array
                0x00000000        0xc hwlib.o
 .rodata._ZZN3due11ad_seq_infoEmE12ad_seq_array
                0x00000000       0x70 hwlib.o
 .rodata._ZZN3due8pin_infoENS_4pinsEE14pin_info_array
                0x00000000       0xa4 hwlib.o
 .group         0x00000000        0x8 main.o
 .group         0x00000000        0x8 main.o
 .group         0x00000000        0x8 main.o
 .group         0x00000000        0x8 main.o
 .group         0x00000000        0x8 main.o
 .group         0x00000000        0x8 main.o
 .group         0x00000000        0x8 main.o
 .group         0x00000000        0x8 main.o
 .group         0x00000000        0x8 main.o
 .group         0x00000000        0x8 main.o
 .text          0x00000000        0x0 main.o
 .data          0x00000000        0x0 main.o
 .bss           0x00000000        0x0 main.o
 .text._ZN5hwlib6pin_in7refreshEv
                0x00000000        0x2 main.o
 .text._ZN5hwlib7pin_out5flushEv
                0x00000000        0x2 main.o
 .text._ZN3due6pin_in3getEN5hwlib9bufferingE
                0x00000000       0x10 main.o
 .text._ZN3due7pin_out3setEbN5hwlib9bufferingE
                0x00000000        0xe main.o
 .text._ZN3due8pin_infoENS_4pinsE
                0x00000000       0x20 main.o
 .text._ZN3due11ad_pin_infoENS_7ad_pinsE
                0x00000000       0x1c main.o
 .text._ZN3due11ad_seq_infoEm
                0x00000000       0x20 main.o
 .text._ZN3due14port_registersEm
                0x00000000       0x48 main.o
 .text._ZN3due6now_usEv
                0x00000000       0x78 main.o
 .text._ZN5hwlib7wait_usEi
                0x00000000       0x28 main.o
 .text._ZN5hwlib7wait_nsEi
                0x00000000       0x14 main.o
 .text._ZN5hwlib7wait_msEi
                0x00000000       0x16 main.o
 .text._ZN5hwlib9uart_putcEc
                0x00000000       0x40 main.o
 .text._ZN5hwlib9uart_getcEv
                0x00000000       0x3c main.o
 .text._ZN5hwlib6now_usEv
                0x00000000        0x8 main.o
 .rodata._ZTVN3due6pin_inE
                0x00000000       0x10 main.o
 .rodata._ZTVN3due7pin_outE
                0x00000000       0x10 main.o
 .bss._ZGVZN5hwlib9uart_getcEvE3pin
                0x00000000        0x4 main.o
 .bss._ZGVZN5hwlib9uart_putcEcE3pin
                0x00000000        0x4 main.o
 .bss._ZZN3due6now_usEvE4high
                0x00000000        0x8 main.o
 .bss._ZZN3due6now_usEvE8last_low
                0x00000000        0x4 main.o
 .bss._ZZN3due6now_usEvE9init_done
                0x00000000        0x1 main.o
 .bss._ZZN5hwlib9uart_getcEvE3pin
                0x00000000        0xc main.o
 .bss._ZZN5hwlib9uart_putcEcE3pin
                0x00000000        0xc main.o
 .rodata._ZN3due8pin_infoENS_4pinsE.str1.1
                0x00000000       0x33 main.o
 .rodata._ZZN3due11ad_pin_infoENS_7ad_pinsEE17ad_pin_info_array
                0x00000000        0xc main.o
 .rodata._ZZN3due11ad_seq_infoEmE12ad_seq_array
                0x00000000       0x70 main.o
 .rodata._ZZN3due8pin_infoENS_4pinsEE14pin_info_array
                0x00000000       0xa4 main.o
 .text          0x00000000        0x0 bmptk_cortex.o
 .data          0x00000000        0x0 bmptk_cortex.o
 .bss           0x00000000        0x0 bmptk_cortex.o
 .text.__aeabi_idiv0
                0x00000000        0x4 bmptk_cortex.o
 .text.__cxa_pure_virtual
                0x00000000        0x2 bmptk_cortex.o
 COMMON         0x00000000        0x4 bmptk_cortex.o
 .text          0x00000000        0x0 bmptk_heap_none.o
 .data          0x00000000        0x0 bmptk_heap_none.o
 .bss           0x00000000        0x0 bmptk_heap_none.o
 .text.malloc   0x00000000        0xa bmptk_heap_none.o
 .text.free     0x00000000        0x4 bmptk_heap_none.o
 .text          0x00000000        0x0 bmptk_fixed_size_stack.o
 .data          0x00000000        0x0 bmptk_fixed_size_stack.o
 .bss           0x00000000        0x0 bmptk_fixed_size_stack.o
 .text          0x00000000       0xa0 c:/sysgcc/arm-eabi/bin/../lib/gcc/arm-eabi/6.2.0/thumb/cortex_m3\libgcc.a(_aeabi_ldivmod.o)
 .data          0x00000000        0x0 c:/sysgcc/arm-eabi/bin/../lib/gcc/arm-eabi/6.2.0/thumb/cortex_m3\libgcc.a(_aeabi_ldivmod.o)
 .bss           0x00000000        0x0 c:/sysgcc/arm-eabi/bin/../lib/gcc/arm-eabi/6.2.0/thumb/cortex_m3\libgcc.a(_aeabi_ldivmod.o)
 .text          0x00000000       0x30 c:/sysgcc/arm-eabi/bin/../lib/gcc/arm-eabi/6.2.0/thumb/cortex_m3\libgcc.a(_aeabi_uldivmod.o)
 .data          0x00000000        0x0 c:/sysgcc/arm-eabi/bin/../lib/gcc/arm-eabi/6.2.0/thumb/cortex_m3\libgcc.a(_aeabi_uldivmod.o)
 .bss           0x00000000        0x0 c:/sysgcc/arm-eabi/bin/../lib/gcc/arm-eabi/6.2.0/thumb/cortex_m3\libgcc.a(_aeabi_uldivmod.o)
 .text          0x00000000      0x2dc c:/sysgcc/arm-eabi/bin/../lib/gcc/arm-eabi/6.2.0/thumb/cortex_m3\libgcc.a(_udivmoddi4.o)
 .data          0x00000000        0x0 c:/sysgcc/arm-eabi/bin/../lib/gcc/arm-eabi/6.2.0/thumb/cortex_m3\libgcc.a(_udivmoddi4.o)
 .bss           0x00000000        0x0 c:/sysgcc/arm-eabi/bin/../lib/gcc/arm-eabi/6.2.0/thumb/cortex_m3\libgcc.a(_udivmoddi4.o)
 .ARM.extab     0x00000000        0x0 c:/sysgcc/arm-eabi/bin/../lib/gcc/arm-eabi/6.2.0/thumb/cortex_m3\libgcc.a(_udivmoddi4.o)
 .ARM.exidx     0x00000000        0x8 c:/sysgcc/arm-eabi/bin/../lib/gcc/arm-eabi/6.2.0/thumb/cortex_m3\libgcc.a(_udivmoddi4.o)
 .text          0x00000000        0x4 c:/sysgcc/arm-eabi/bin/../lib/gcc/arm-eabi/6.2.0/thumb/cortex_m3\libgcc.a(_dvmd_tls.o)
 .data          0x00000000        0x0 c:/sysgcc/arm-eabi/bin/../lib/gcc/arm-eabi/6.2.0/thumb/cortex_m3\libgcc.a(_dvmd_tls.o)
 .bss           0x00000000        0x0 c:/sysgcc/arm-eabi/bin/../lib/gcc/arm-eabi/6.2.0/thumb/cortex_m3\libgcc.a(_dvmd_tls.o)
 .data          0x00000000        0x0 c:/sysgcc/arm-eabi/bin/../lib/gcc/arm-eabi/6.2.0/../../../../arm-eabi/lib/thumb/cortex_m3\libc.a(lib_a-memset.o)
 .bss           0x00000000        0x0 c:/sysgcc/arm-eabi/bin/../lib/gcc/arm-eabi/6.2.0/../../../../arm-eabi/lib/thumb/cortex_m3\libc.a(lib_a-memset.o)
 .data          0x00000000        0x0 c:/sysgcc/arm-eabi/bin/../lib/gcc/arm-eabi/6.2.0/../../../../arm-eabi/lib/thumb/cortex_m3\libc.a(lib_a-strlen-stub.o)
 .bss           0x00000000        0x0 c:/sysgcc/arm-eabi/bin/../lib/gcc/arm-eabi/6.2.0/../../../../arm-eabi/lib/thumb/cortex_m3\libc.a(lib_a-strlen-stub.o)

Memory Configuration

Name             Origin             Length             Attributes
rom              0x00000000         0x00080000         xr
ram              0x20000000         0x00018000         xrw
nul              0x20000000         0x00000000         xrw
*default*        0x00000000         0xffffffff

Linker script and memory map

LOAD c:/sysgcc/arm-eabi/bin/../lib/gcc/arm-eabi/6.2.0/thumb/cortex_m3\libgcc.a
LOAD command.o
LOAD display.o
LOAD hwlib.o
LOAD main.o
LOAD bmptk_cortex.o
LOAD bmptk_heap_none.o
LOAD bmptk_fixed_size_stack.o
LOAD c:/sysgcc/arm-eabi/bin/../lib/gcc/arm-eabi/6.2.0/../../../../arm-eabi/lib/thumb/cortex_m3\libstdc++.a
LOAD c:/sysgcc/arm-eabi/bin/../lib/gcc/arm-eabi/6.2.0/../../../../arm-eabi/lib/thumb/cortex_m3\libm.a
START GROUP
LOAD c:/sysgcc/arm-eabi/bin/../lib/gcc/arm-eabi/6.2.0/thumb/cortex_m3\libgcc.a
LOAD c:/sysgcc/arm-eabi/bin/../lib/gcc/arm-eabi/6.2.0/../../../../arm-eabi/lib/thumb/cortex_m3\libc.a
END GROUP
                0x00000000                __rom_start = ORIGIN (rom)
                0x00080000                __rom_size = LENGTH (rom)
                0x00080000                __rom_end = (__rom_start + __rom_size)
                0x20000000                __ram_start = ORIGIN (ram)
                0x00018000                __ram_size = LENGTH (ram)
                0x20018000                __ram_end = (__ram_start + __ram_size)
                [!provide]                PROVIDE (__rom_start, __rom_start)
                [!provide]                PROVIDE (__rom_size, __rom_size)
                [!provide]                PROVIDE (__rom_end, __rom_end)
                [!provide]                PROVIDE (__ram_start, __ram_start)
                [!provide]                PROVIDE (__ram_size, __ram_size)
                [!provide]                PROVIDE (__ram_end, __ram_end)

.text           0x00000000     0x17f8
                0x00000000                . = ALIGN (0x4)
                0x00000000                __text_start = .
                [!provide]                PROVIDE (__text_start, __text_start)
                0x00000000                . = ALIGN (0x4)
 *(.vectors)
 .vectors       0x00000000       0x20 bmptk_cortex.o
                0x00000000                __vectors
                0x00000020                . = ALIGN (0x4)
 *(.text .text.* .gnu.linkonce.t.*)
 .text._ZN5hwlib6pin_in7refreshEv
                0x00000020        0x2 command.o
                0x00000020                _ZN5hwlib6pin_in7refreshEv
 .text._ZN5hwlib7pin_out5flushEv
                0x00000022        0x2 command.o
                0x00000022                _ZN5hwlib7pin_out5flushEv
 .text._ZN3due7pin_out3setEbN5hwlib9bufferingE
                0x00000024        0xe command.o
                0x00000024                _ZN3due7pin_out3setEbN5hwlib9bufferingE
 *fill*         0x00000032        0x2 
 .text._ZN3due8pin_infoENS_4pinsE
                0x00000034       0x20 command.o
                0x00000034                _ZN3due8pin_infoENS_4pinsE
 .text._ZN3due14port_registersEm
                0x00000054       0x48 command.o
                0x00000054                _ZN3due14port_registersEm
 *fill*         0x0000009c        0x4 
 .text._ZN5hwlib7wait_usEi
                0x000000a0       0x28 command.o
                0x000000a0                _ZN5hwlib7wait_usEi
 .text._ZN5hwlib7wait_msEi
                0x000000c8       0x16 command.o
                0x000000c8                _ZN5hwlib7wait_msEi
 *fill*         0x000000de        0x2 
 .text._ZN5hwlib9uart_putcEc
                0x000000e0       0x40 command.o
                0x000000e0                _ZN5hwlib9uart_putcEc
 .text._ZN7Command9commanderEPhi
                0x00000120       0x50 command.o
                0x00000120                _ZN7Command9commanderEPhi
 .text._ZN7Command8settingsEPA2_Kh
                0x00000170       0x42 command.o
                0x00000170                _ZN7Command8settingsEPA2_Kh
 .text._ZN7Command6renderEy
                0x000001b2       0x7c command.o
                0x000001b2                _ZN7Command6renderEy
 .text._ZN5hwlib7ostreamlsEc
                0x0000022e        0xe display.o
                0x0000022e                _ZN5hwlib7ostreamlsEc
 .text._ZN5hwliblsERNS_7ostreamEPKc
                0x0000023c       0x66 display.o
                0x0000023c                _ZN5hwliblsERNS_7ostreamEPKc
 .text._ZN5hwliblsERNS_7ostreamEi
                0x000002a2       0xd6 display.o
                0x000002a2                _ZN5hwliblsERNS_7ostreamEi
 .text._ZN7Display7operateEPKc
                0x00000378       0xb8 display.o
                0x00000378                _ZN7Display7operateEPKc
 .text._ZN7DisplaylsEPKc
                0x00000430        0xc display.o
                0x00000430                _ZN7DisplaylsEPKc
 .text._ZN5hwlib19_pin_in_dummy_class3getENS_9bufferingE
                0x0000043c        0x4 hwlib.o
                0x0000043c                _ZN5hwlib19_pin_in_dummy_class3getENS_9bufferingE
 .text._ZN5hwlib7ostream5flushEv
                0x00000440        0x2 hwlib.o
                0x00000440                _ZN5hwlib7ostream5flushEv
 .text._ZN5hwlib5panicEPKcj
                0x00000442        0x2 hwlib.o
                0x00000442                _ZN5hwlib5panicEPKcj
 .text._ZN5hwlib24uart_putc_bit_banged_pinEcRNS_7pin_outE
                0x00000444       0x64 hwlib.o
                0x00000444                _ZN5hwlib24uart_putc_bit_banged_pinEcRNS_7pin_outE
 .text._ZN5hwlib20cout_using_uart_putc4putcEc
                0x000004a8        0xa hwlib.o
                0x000004a8                _ZN5hwlib20cout_using_uart_putc4putcEc
 *fill*         0x000004b2        0x2 
 .text._ZN3due7pin_outC2ENS_4pinsE
                0x000004b4       0x34 main.o
                0x000004b4                _ZN3due7pin_outC2ENS_4pinsE
                0x000004b4                _ZN3due7pin_outC1ENS_4pinsE
 .text._ZN5hwlib33spi_bus_bit_banged_sclk_mosi_miso14write_and_readERNS_7pin_outEjPKhPh
                0x000004e8       0xae main.o
                0x000004e8                _ZN5hwlib33spi_bus_bit_banged_sclk_mosi_miso14write_and_readERNS_7pin_outEjPKhPh
 *fill*         0x00000596        0x2 
 .text._ZN7DisplayC2ERN5hwlib7spi_busERNS0_7pin_outEi
                0x00000598      0x770 main.o
                0x00000598                _ZN7DisplayC1ERN5hwlib7spi_busERNS0_7pin_outEi
                0x00000598                _ZN7DisplayC2ERN5hwlib7spi_busERNS0_7pin_outEi
 .text.startup.main
                0x00000d08       0x7c main.o
                0x00000d08                main
 .text.__startup
                0x00000d84       0x48 bmptk_cortex.o
                0x00000d84                __startup
 .text          0x00000dcc       0x9c c:/sysgcc/arm-eabi/bin/../lib/gcc/arm-eabi/6.2.0/../../../../arm-eabi/lib/thumb/cortex_m3\libc.a(lib_a-memset.o)
                0x00000dcc                memset
 .text          0x00000e68       0x5c c:/sysgcc/arm-eabi/bin/../lib/gcc/arm-eabi/6.2.0/../../../../arm-eabi/lib/thumb/cortex_m3\libc.a(lib_a-strlen-stub.o)
                0x00000e68                strlen
                0x00000ec4                . = ALIGN (0x4)
 *(.glue_7t .glue_7)
 .glue_7        0x00000ec4        0x0 linker stubs
 .glue_7t       0x00000ec4        0x0 linker stubs
                0x00000ec4                . = ALIGN (0x4)
 *(.rodata .rodata.* .gnu.linkonce.r.*)
 .rodata._ZTVN3due7pin_outE
                0x00000ec4       0x10 command.o
                0x00000ec4                _ZTVN3due7pin_outE
 .rodata._ZN3due8pin_infoENS_4pinsE.str1.1
                0x00000ed4       0x33 command.o
 .rodata._ZZN3due8pin_infoENS_4pinsEE14pin_info_array
                0x00000f07       0xa4 command.o
 .rodata._ZN7Display7operateEPKc.str1.1
                0x00000fab       0x12 display.o
 *fill*         0x00000fbd        0x3 
 .rodata._ZTVN5hwlib19_pin_in_dummy_classE
                0x00000fc0       0x10 hwlib.o
                0x00000fc0                _ZTVN5hwlib19_pin_in_dummy_classE
 .rodata._ZTVN5hwlib20cout_using_uart_putcE
                0x00000fd0       0x10 hwlib.o
                0x00000fd0                _ZTVN5hwlib20cout_using_uart_putcE
 .rodata._ZTVN5hwlib33spi_bus_bit_banged_sclk_mosi_misoE
                0x00000fe0        0xc main.o
                0x00000fe0                _ZTVN5hwlib33spi_bus_bit_banged_sclk_mosi_misoE
 .rodata        0x00000fec      0x80a main.o
                0x000017f8                . = ALIGN (0x4)
 *fill*         0x000017f6        0x2 
 *(.ARM.extab* .gnu.linkonce.armextab.*)
                0x000017f8                . = ALIGN (0x4)
 *(.gcc_except_table)
                0x000017f8                . = ALIGN (0x4)
 *(.eh_frame_hdr)
                0x000017f8                . = ALIGN (0x4)
 *(.eh_frame)
                0x000017f8                . = ALIGN (0x4)
                0x000017f8                __text_end = .
                [!provide]                PROVIDE (__text_end, __text_end)

.vfp11_veneer   0x000017f8        0x0
 .vfp11_veneer  0x000017f8        0x0 linker stubs

.v4_bx          0x000017f8        0x0
 .v4_bx         0x000017f8        0x0 linker stubs

.iplt           0x000017f8        0x0
 .iplt          0x000017f8        0x0 command.o

.rel.dyn        0x000017f8        0x0
 .rel.iplt      0x000017f8        0x0 command.o

.IF_YOU_SEE_THIS_YOU_HAVE_ONE_OR_MORE_GLOBAL_OBJECT_CONSTRUCTORS
 *(.init)
 *(.preinit_array)
 *(SORT(.init_array.*))
 *(.init_array)
                0x000017f8                . = ALIGN (0x4)
                0x000017f8                __exidx_start = .
                [!provide]                PROVIDE (__exidx_start, __exidx_start)

.ARM.exidx
 *(.ARM.exidx* .gnu.linkonce.armexidx.*)
                0x000017f8                . = ALIGN (0x4)
                0x000017f8                __exidx_end = .
                [!provide]                PROVIDE (__exidx_end, __exidx_end)

.bss            0x20000000    0x12010
                0x20000000                . = ALIGN (0x4)
                0x20000000                __stack_start = .
                [!provide]                PROVIDE (__stack_start, __stack_start)
                0x20000000                . = ALIGN (0x4)
 *(.bmptk_stack)
 .bmptk_stack   0x20000000    0x12000 bmptk_fixed_size_stack.o
                0x20000000                bmptk_stack
                0x20012000                . = ALIGN (0x8)
                0x20012000                __main_stack_end = .
                [!provide]                PROVIDE (__main_stack_end, __main_stack_end)
                0x20012000                . = ALIGN (0x4)
                0x20012000                __stack_end = .
                [!provide]                PROVIDE (__stack_end, __stack_end)
                0x20012000                . = ALIGN (0x4)
                0x20012000                __bss_start = .
                [!provide]                PROVIDE (__bss_start, __bss_start)
                0x20012000                . = ALIGN (0x4)
 *(.bss .bss.* .gnu.linkonce.b.*)
 .bss._ZGVZN5hwlib9uart_putcEcE3pin
                0x20012000        0x4 command.o
 .bss._ZZN5hwlib9uart_putcEcE3pin
                0x20012004        0xc command.o
                0x20012010                . = ALIGN (0x4)
 *(COMMON)
                0x20012010                . = ALIGN (0x4)
                0x20012010                __bss_end = .
                [!provide]                PROVIDE (__bss_end, __bss_end)

.data           0x20012010       0x18 load address 0x000017f8
                0x20012010                . = ALIGN (0x4)
                0x000017f8                __data_init_start = LOADADDR (.data)
                [!provide]                PROVIDE (__data_init_start, __data_init_start)
                0x20012010                __data_start = .
                [!provide]                PROVIDE (__data_start, __data_start)
                0x20012010                . = ALIGN (0x4)
 *(.data .data.* .gnu.linkonce.d.*)
 .data._ZN5hwlib12pin_in_dummyE
                0x20012010        0x4 hwlib.o
                0x20012010                _ZN5hwlib12pin_in_dummyE
 .data._ZN5hwlib4coutE
                0x20012014       0x14 hwlib.o
                0x20012014                _ZN5hwlib4coutE
                0x20012028                . = ALIGN (0x4)
                0x20012028                __data_end = .
                [!provide]                PROVIDE (__data_end, __data_end)
                0x000017f8                __data_init_end = LOADADDR (.data)
                [!provide]                PROVIDE (__data_init_end, __data_init_end)
                0x00000018                PROVIDE (__data_size, (__data_end - __data_start))
                0x00000018                PROVIDE (__data_init_size, __data_size)
                [!provide]                PROVIDE (__data_init_end, (__data_init_start + __data_init_size))

.igot.plt       0x20012028        0x0 load address 0x00001810
 .igot.plt      0x20012028        0x0 command.o
                0x20012028                . = ALIGN (0x4)
                0x20012028                __heap_start = .
                [!provide]                PROVIDE (__heap_start, __heap_start)
                0x20012028                . = ALIGN (0x4)
                0x20018000                __heap_end = __ram_end
                [!provide]                PROVIDE (__heap_end, __heap_end)

.stab
 *(.stab)

.stabstr
 *(.stabstr)

.debug
 *(.debug)

.line
 *(.line)

.debug_srcinfo
 *(.debug_srcinfo)

.debug_sfnames
 *(.debug_sfnames)

.debug_aranges  0x00000000       0xc0
 *(.debug_aranges)
 .debug_aranges
                0x00000000       0x20 c:/sysgcc/arm-eabi/bin/../lib/gcc/arm-eabi/6.2.0/thumb/cortex_m3\libgcc.a(_aeabi_ldivmod.o)
 .debug_aranges
                0x00000020       0x20 c:/sysgcc/arm-eabi/bin/../lib/gcc/arm-eabi/6.2.0/thumb/cortex_m3\libgcc.a(_aeabi_uldivmod.o)
 .debug_aranges
                0x00000040       0x20 c:/sysgcc/arm-eabi/bin/../lib/gcc/arm-eabi/6.2.0/thumb/cortex_m3\libgcc.a(_udivmoddi4.o)
 .debug_aranges
                0x00000060       0x20 c:/sysgcc/arm-eabi/bin/../lib/gcc/arm-eabi/6.2.0/thumb/cortex_m3\libgcc.a(_dvmd_tls.o)
 .debug_aranges
                0x00000080       0x20 c:/sysgcc/arm-eabi/bin/../lib/gcc/arm-eabi/6.2.0/../../../../arm-eabi/lib/thumb/cortex_m3\libc.a(lib_a-memset.o)
 .debug_aranges
                0x000000a0       0x20 c:/sysgcc/arm-eabi/bin/../lib/gcc/arm-eabi/6.2.0/../../../../arm-eabi/lib/thumb/cortex_m3\libc.a(lib_a-strlen-stub.o)

.debug_pubnames
 *(.debug_pubnames)

.debug_info     0x00000000     0x2579
 *(.debug_info .gnu.linkonce.wi.*)
 .debug_info    0x00000000       0xd9 c:/sysgcc/arm-eabi/bin/../lib/gcc/arm-eabi/6.2.0/thumb/cortex_m3\libgcc.a(_aeabi_ldivmod.o)
 .debug_info    0x000000d9       0xd9 c:/sysgcc/arm-eabi/bin/../lib/gcc/arm-eabi/6.2.0/thumb/cortex_m3\libgcc.a(_aeabi_uldivmod.o)
 .debug_info    0x000001b2      0xc00 c:/sysgcc/arm-eabi/bin/../lib/gcc/arm-eabi/6.2.0/thumb/cortex_m3\libgcc.a(_udivmoddi4.o)
 .debug_info    0x00000db2       0xdd c:/sysgcc/arm-eabi/bin/../lib/gcc/arm-eabi/6.2.0/thumb/cortex_m3\libgcc.a(_dvmd_tls.o)
 .debug_info    0x00000e8f      0xe29 c:/sysgcc/arm-eabi/bin/../lib/gcc/arm-eabi/6.2.0/../../../../arm-eabi/lib/thumb/cortex_m3\libc.a(lib_a-memset.o)
 .debug_info    0x00001cb8      0x8c1 c:/sysgcc/arm-eabi/bin/../lib/gcc/arm-eabi/6.2.0/../../../../arm-eabi/lib/thumb/cortex_m3\libc.a(lib_a-strlen-stub.o)

.debug_abbrev   0x00000000      0x54d
 *(.debug_abbrev)
 .debug_abbrev  0x00000000       0x14 c:/sysgcc/arm-eabi/bin/../lib/gcc/arm-eabi/6.2.0/thumb/cortex_m3\libgcc.a(_aeabi_ldivmod.o)
 .debug_abbrev  0x00000014       0x14 c:/sysgcc/arm-eabi/bin/../lib/gcc/arm-eabi/6.2.0/thumb/cortex_m3\libgcc.a(_aeabi_uldivmod.o)
 .debug_abbrev  0x00000028      0x18c c:/sysgcc/arm-eabi/bin/../lib/gcc/arm-eabi/6.2.0/thumb/cortex_m3\libgcc.a(_udivmoddi4.o)
 .debug_abbrev  0x000001b4       0x14 c:/sysgcc/arm-eabi/bin/../lib/gcc/arm-eabi/6.2.0/thumb/cortex_m3\libgcc.a(_dvmd_tls.o)
 .debug_abbrev  0x000001c8      0x1de c:/sysgcc/arm-eabi/bin/../lib/gcc/arm-eabi/6.2.0/../../../../arm-eabi/lib/thumb/cortex_m3\libc.a(lib_a-memset.o)
 .debug_abbrev  0x000003a6      0x1a7 c:/sysgcc/arm-eabi/bin/../lib/gcc/arm-eabi/6.2.0/../../../../arm-eabi/lib/thumb/cortex_m3\libc.a(lib_a-strlen-stub.o)

.debug_line     0x00000000      0x6e3
 *(.debug_line)
 .debug_line    0x00000000       0x85 c:/sysgcc/arm-eabi/bin/../lib/gcc/arm-eabi/6.2.0/thumb/cortex_m3\libgcc.a(_aeabi_ldivmod.o)
 .debug_line    0x00000085       0x67 c:/sysgcc/arm-eabi/bin/../lib/gcc/arm-eabi/6.2.0/thumb/cortex_m3\libgcc.a(_aeabi_uldivmod.o)
 .debug_line    0x000000ec      0x24e c:/sysgcc/arm-eabi/bin/../lib/gcc/arm-eabi/6.2.0/thumb/cortex_m3\libgcc.a(_udivmoddi4.o)
 .debug_line    0x0000033a       0x67 c:/sysgcc/arm-eabi/bin/../lib/gcc/arm-eabi/6.2.0/thumb/cortex_m3\libgcc.a(_dvmd_tls.o)
 .debug_line    0x000003a1      0x1eb c:/sysgcc/arm-eabi/bin/../lib/gcc/arm-eabi/6.2.0/../../../../arm-eabi/lib/thumb/cortex_m3\libc.a(lib_a-memset.o)
 .debug_line    0x0000058c      0x157 c:/sysgcc/arm-eabi/bin/../lib/gcc/arm-eabi/6.2.0/../../../../arm-eabi/lib/thumb/cortex_m3\libc.a(lib_a-strlen-stub.o)

.debug_frame    0x00000000       0xf8
 *(.debug_frame)
 .debug_frame   0x00000000       0x44 c:/sysgcc/arm-eabi/bin/../lib/gcc/arm-eabi/6.2.0/thumb/cortex_m3\libgcc.a(_aeabi_ldivmod.o)
 .debug_frame   0x00000044       0x2c c:/sysgcc/arm-eabi/bin/../lib/gcc/arm-eabi/6.2.0/thumb/cortex_m3\libgcc.a(_aeabi_uldivmod.o)
 .debug_frame   0x00000070       0x34 c:/sysgcc/arm-eabi/bin/../lib/gcc/arm-eabi/6.2.0/thumb/cortex_m3\libgcc.a(_udivmoddi4.o)
 .debug_frame   0x000000a4       0x34 c:/sysgcc/arm-eabi/bin/../lib/gcc/arm-eabi/6.2.0/../../../../arm-eabi/lib/thumb/cortex_m3\libc.a(lib_a-memset.o)
 .debug_frame   0x000000d8       0x20 c:/sysgcc/arm-eabi/bin/../lib/gcc/arm-eabi/6.2.0/../../../../arm-eabi/lib/thumb/cortex_m3\libc.a(lib_a-strlen-stub.o)

.debug_str      0x00000000     0x148b
 *(.debug_str)
 .debug_str     0x00000000      0xc14 c:/sysgcc/arm-eabi/bin/../lib/gcc/arm-eabi/6.2.0/thumb/cortex_m3\libgcc.a(_udivmoddi4.o)
                                0xc9d (size before relaxing)
 .debug_str     0x00000c14      0x788 c:/sysgcc/arm-eabi/bin/../lib/gcc/arm-eabi/6.2.0/../../../../arm-eabi/lib/thumb/cortex_m3\libc.a(lib_a-memset.o)
                                0x8ed (size before relaxing)
 .debug_str     0x0000139c       0xef c:/sysgcc/arm-eabi/bin/../lib/gcc/arm-eabi/6.2.0/../../../../arm-eabi/lib/thumb/cortex_m3\libc.a(lib_a-strlen-stub.o)
                                0x5d6 (size before relaxing)

.debug_loc      0x00000000      0xf97
 *(.debug_loc)
 .debug_loc     0x00000000      0xdb9 c:/sysgcc/arm-eabi/bin/../lib/gcc/arm-eabi/6.2.0/thumb/cortex_m3\libgcc.a(_udivmoddi4.o)
 .debug_loc     0x00000db9      0x1bd c:/sysgcc/arm-eabi/bin/../lib/gcc/arm-eabi/6.2.0/../../../../arm-eabi/lib/thumb/cortex_m3\libc.a(lib_a-memset.o)
 .debug_loc     0x00000f76       0x21 c:/sysgcc/arm-eabi/bin/../lib/gcc/arm-eabi/6.2.0/../../../../arm-eabi/lib/thumb/cortex_m3\libc.a(lib_a-strlen-stub.o)

.comment        0x00000000       0x11
 .comment       0x00000000       0x11 command.o
                                 0x12 (size before relaxing)
 .comment       0x00000011       0x12 display.o
 .comment       0x00000011       0x12 hwlib.o
 .comment       0x00000011       0x12 main.o
 .comment       0x00000011       0x12 bmptk_cortex.o
 .comment       0x00000011       0x12 bmptk_heap_none.o
 .comment       0x00000011       0x12 bmptk_fixed_size_stack.o
 .comment       0x00000011       0x12 c:/sysgcc/arm-eabi/bin/../lib/gcc/arm-eabi/6.2.0/thumb/cortex_m3\libgcc.a(_udivmoddi4.o)
 .comment       0x00000011       0x12 c:/sysgcc/arm-eabi/bin/../lib/gcc/arm-eabi/6.2.0/../../../../arm-eabi/lib/thumb/cortex_m3\libc.a(lib_a-memset.o)
 .comment       0x00000011       0x12 c:/sysgcc/arm-eabi/bin/../lib/gcc/arm-eabi/6.2.0/../../../../arm-eabi/lib/thumb/cortex_m3\libc.a(lib_a-strlen-stub.o)

.debug_macinfo
 *(.debug_macinfo)

.debug_weaknames
 *(.debug_weaknames)

.debug_funcnames
 *(.debug_funcnames)

.debug_typenames
 *(.debug_typenames)

.debug_varnames
 *(.debug_varnames)

.note.gnu.arm.ident
 *(.note.gnu.arm.ident)

.ARM.attributes
                0x00000000       0x33
 *(.ARM.attributes)
 .ARM.attributes
                0x00000000       0x33 command.o
 .ARM.attributes
                0x00000033       0x33 display.o
 .ARM.attributes
                0x00000066       0x33 hwlib.o
 .ARM.attributes
                0x00000099       0x33 main.o
 .ARM.attributes
                0x000000cc       0x33 bmptk_cortex.o
 .ARM.attributes
                0x000000ff       0x33 bmptk_heap_none.o
 .ARM.attributes
                0x00000132       0x33 bmptk_fixed_size_stack.o
 .ARM.attributes
                0x00000165       0x23 c:/sysgcc/arm-eabi/bin/../lib/gcc/arm-eabi/6.2.0/thumb/cortex_m3\libgcc.a(_aeabi_ldivmod.o)
 .ARM.attributes
                0x00000188       0x23 c:/sysgcc/arm-eabi/bin/../lib/gcc/arm-eabi/6.2.0/thumb/cortex_m3\libgcc.a(_aeabi_uldivmod.o)
 .ARM.attributes
                0x000001ab       0x33 c:/sysgcc/arm-eabi/bin/../lib/gcc/arm-eabi/6.2.0/thumb/cortex_m3\libgcc.a(_udivmoddi4.o)
 .ARM.attributes
                0x000001de       0x23 c:/sysgcc/arm-eabi/bin/../lib/gcc/arm-eabi/6.2.0/thumb/cortex_m3\libgcc.a(_dvmd_tls.o)
 .ARM.attributes
                0x00000201       0x33 c:/sysgcc/arm-eabi/bin/../lib/gcc/arm-eabi/6.2.0/../../../../arm-eabi/lib/thumb/cortex_m3\libc.a(lib_a-memset.o)
 .ARM.attributes
                0x00000234       0x33 c:/sysgcc/arm-eabi/bin/../lib/gcc/arm-eabi/6.2.0/../../../../arm-eabi/lib/thumb/cortex_m3\libc.a(lib_a-strlen-stub.o)

/DISCARD/
 *(.note.GNU-stack)
                [!provide]                PROVIDE (__text_size, (__text_end - __text_start))
                [!provide]                PROVIDE (__exidx_size, (__exidx_end - __exidx_start))
                [!provide]                PROVIDE (__bss_size, (__bss_end - __bss_start))
                [!provide]                PROVIDE (__stack_size, (__stack_end - __stack_start))
                [!provide]                PROVIDE (__heap_size, (__heap_end - __heap_start))
OUTPUT(main.elf elf32-littlearm)

.debug_ranges   0x00000000      0x100
 .debug_ranges  0x00000000       0xf0 c:/sysgcc/arm-eabi/bin/../lib/gcc/arm-eabi/6.2.0/thumb/cortex_m3\libgcc.a(_udivmoddi4.o)
 .debug_ranges  0x000000f0       0x10 c:/sysgcc/arm-eabi/bin/../lib/gcc/arm-eabi/6.2.0/../../../../arm-eabi/lib/thumb/cortex_m3\libc.a(lib_a-strlen-stub.o)
